dbus-daemon[1565191]: [session uid=1000 pid=1565191 pidfd=5] Activating service name='org.a11y.Bus' requested by ':1.0' (uid=1000 pid=1565195 comm="gdbus call --session --dest org.a11y.Bus --object-" label="unconfined_u:unconfined_r:unconfined_t:s0-s0:c0.c1023")
dbus-daemon[1565191]: [session uid=1000 pid=1565191 pidfd=5] Successfully activated service 'org.a11y.Bus'
dbus-daemon[1565204]: Failed to write data to pipe!
dbus-daemon[1565191]: [session uid=1000 pid=1565191 pidfd=5] Activating service name='org.freedesktop.systemd1' requested by ':1.2' (uid=1000 pid=1565205 comm="/usr/bin/dbus-broker-launch --config-file=/usr/sha" label="unconfined_u:unconfined_r:unconfined_dbusd_t:s0-s0:c0.c1023")
dbus-daemon[1565191]: [session uid=1000 pid=1565191 pidfd=5] Activated service 'org.freedesktop.systemd1' failed: Process org.freedesktop.systemd1 exited with status 1
dbus-daemon[1565191]: [session uid=1000 pid=1565191 pidfd=5] Activating service name='org.gnome.Shell.Extensions' requested by ':1.6' (uid=1000 pid=1565242 comm="gdbus call --session --dest org.gnome.Shell.Extens" label="unconfined_u:unconfined_r:unconfined_t:s0-s0:c0.c1023")
dbus-daemon[1565191]: [session uid=1000 pid=1565191 pidfd=5] Activating service name='org.freedesktop.portal.Desktop' requested by ':1.9' (uid=1000 pid=1565247 comm="/usr/bin/gjs -m /usr/share/gnome-shell/org.gnome.S" label="unconfined_u:unconfined_r:unconfined_t:s0-s0:c0.c1023")
dbus-daemon[1565191]: [session uid=1000 pid=1565191 pidfd=5] Activating service name='org.freedesktop.impl.portal.PermissionStore' requested by ':1.10' (uid=1000 pid=1565268 comm="/usr/libexec/xdg-desktop-portal" label="unconfined_u:unconfined_r:unconfined_t:s0-s0:c0.c1023")
dbus-daemon[1565191]: [session uid=1000 pid=1565191 pidfd=5] Successfully activated service 'org.freedesktop.impl.portal.PermissionStore'
dbus-daemon[1565191]: [session uid=1000 pid=1565191 pidfd=5] Activating service name='org.freedesktop.portal.Documents' requested by ':1.10' (uid=1000 pid=1565268 comm="/usr/libexec/xdg-desktop-portal" label="unconfined_u:unconfined_r:unconfined_t:s0-s0:c0.c1023")
dbus-daemon[1565191]: [session uid=1000 pid=1565191 pidfd=5] Successfully activated service 'org.freedesktop.portal.Documents'
dbus-daemon[1565191]: [session uid=1000 pid=1565191 pidfd=5] Activating service name='org.freedesktop.impl.portal.desktop.gnome' requested by ':1.10' (uid=1000 pid=1565268 comm="/usr/libexec/xdg-desktop-portal" label="unconfined_u:unconfined_r:unconfined_t:s0-s0:c0.c1023")

** (xdg-desktop-portal-gnome:1565291): WARNING **: 02:18:15.025: Failed to open service channel Wayland connection, portals dialogs may missbehave (Cannot invoke method; proxy is for the well-known name org.gnome.Mutter.ServiceChannel without an owner, and proxy was constructed with the G_DBUS_PROXY_FLAGS_DO_NOT_AUTO_START flag).
dbus-daemon[1565191]: [session uid=1000 pid=1565191 pidfd=5] Activating service name='org.gnome.Settings.GlobalShortcutsProvider' requested by ':1.13' (uid=1000 pid=1565291 comm="/usr/libexec/xdg-desktop-portal-gnome" label="unconfined_u:unconfined_r:unconfined_t:s0-s0:c0.c1023")

** (process:1565310): WARNING **: 02:18:15.145: Failed to open service channel Wayland connection, portal dialogs may misbehave (Cannot invoke method; proxy is for the well-known name org.gnome.Mutter.ServiceChannel without an owner, and proxy was constructed with the G_DBUS_PROXY_FLAGS_DO_NOT_AUTO_START flag).
dbus-daemon[1565191]: [session uid=1000 pid=1565191 pidfd=5] Successfully activated service 'org.gnome.Settings.GlobalShortcutsProvider'
dbus-daemon[1565191]: [session uid=1000 pid=1565191 pidfd=5] Successfully activated service 'org.freedesktop.impl.portal.desktop.gnome'
dbus-daemon[1565191]: [session uid=1000 pid=1565191 pidfd=5] Activating service name='org.freedesktop.impl.portal.desktop.gtk' requested by ':1.10' (uid=1000 pid=1565268 comm="/usr/libexec/xdg-desktop-portal" label="unconfined_u:unconfined_r:unconfined_t:s0-s0:c0.c1023")
dbus-daemon[1565191]: [session uid=1000 pid=1565191 pidfd=5] Successfully activated service 'org.freedesktop.impl.portal.desktop.gtk'

(/usr/libexec/xdg-desktop-portal:1565268): xdg-desktop-portal-WARNING **: 02:18:15.307: Failed to connect to PipeWire: Couldn't connect to PipeWire
dbus-daemon[1565191]: [session uid=1000 pid=1565191 pidfd=5] Successfully activated service 'org.freedesktop.portal.Desktop'
dbus-daemon[1565191]: [session uid=1000 pid=1565191 pidfd=5] Successfully activated service 'org.gnome.Shell.Extensions'
dbus-daemon[1565191]: [session uid=1000 pid=1565191 pidfd=5] Activating service name='org.gnome.Shell.Screencast' requested by ':1.5' (uid=1000 pid=1565223 comm="gnome-shell --headless --wayland --unsafe-mode --w" label="unconfined_u:unconfined_r:unconfined_t:s0-s0:c0.c1023")
dbus-daemon[1565191]: [session uid=1000 pid=1565191 pidfd=5] Activating service name='org.gnome.Shell.CalendarServer' requested by ':1.5' (uid=1000 pid=1565223 comm="gnome-shell --headless --wayland --unsafe-mode --w" label="unconfined_u:unconfined_r:unconfined_t:s0-s0:c0.c1023")
dbus-daemon[1565191]: [session uid=1000 pid=1565191 pidfd=5] Activating service name='org.gnome.evolution.dataserver.Sources5' requested by ':1.22' (uid=1000 pid=1565426 comm="/usr/libexec/gnome-shell-calendar-server" label="unconfined_u:unconfined_r:unconfined_t:s0-s0:c0.c1023")
dbus-daemon[1565191]: [session uid=1000 pid=1565191 pidfd=5] Activating service name='org.gnome.Shell.Notifications' requested by ':1.5' (uid=1000 pid=1565223 comm="gnome-shell --headless --wayland --unsafe-mode --w" label="unconfined_u:unconfined_r:unconfined_t:s0-s0:c0.c1023")
dbus-daemon[1565191]: [session uid=1000 pid=1565191 pidfd=5] Activating service name='org.gnome.OnlineAccounts' requested by ':1.24' (uid=1000 pid=1565433 comm="/usr/libexec/evolution-source-registry" label="unconfined_u:unconfined_r:unconfined_t:s0-s0:c0.c1023")
dbus-daemon[1565191]: [session uid=1000 pid=1565191 pidfd=5] Successfully activated service 'org.gnome.evolution.dataserver.Sources5'
dbus-daemon[1565191]: [session uid=1000 pid=1565191 pidfd=5] Successfully activated service 'org.gnome.Shell.Notifications'
dbus-daemon[1565191]: [session uid=1000 pid=1565191 pidfd=5] Activating service name='org.gnome.evolution.dataserver.Calendar8' requested by ':1.22' (uid=1000 pid=1565426 comm="/usr/libexec/gnome-shell-calendar-server" label="unconfined_u:unconfined_r:unconfined_t:s0-s0:c0.c1023")
dbus-daemon[1565191]: [session uid=1000 pid=1565191 pidfd=5] Successfully activated service 'org.gnome.Shell.CalendarServer'
dbus-daemon[1565191]: [session uid=1000 pid=1565191 pidfd=5] Activating service name='org.freedesktop.portal.IBus' requested by ':1.26' (uid=1000 pid=1565468 comm="ibus-daemon --panel disable" label="unconfined_u:unconfined_r:unconfined_t:s0-s0:c0.c1023")
dbus-daemon[1565191]: [session uid=1000 pid=1565191 pidfd=5] Successfully activated service 'org.freedesktop.portal.IBus'
goa-daemon-Message: 02:18:16.639: goa-daemon version 3.58.1 starting
dbus-daemon[1565191]: [session uid=1000 pid=1565191 pidfd=5] Activating service name='org.gnome.Identity' requested by ':1.30' (uid=1000 pid=1565475 comm="/usr/libexec/goa-daemon" label="unconfined_u:unconfined_r:unconfined_t:s0-s0:c0.c1023")
dbus-daemon[1565191]: [session uid=1000 pid=1565191 pidfd=5] Successfully activated service 'org.gnome.OnlineAccounts'
dbus-daemon[1565191]: [session uid=1000 pid=1565191 pidfd=5] Successfully activated service 'org.gnome.Identity'

(process:1565537): libgoaidentity-WARNING **: 02:18:16.668: GoaKerberosIdentityManager: Using polling for change notification for credential cache type 'KCM'
dbus-daemon[1565191]: [session uid=1000 pid=1565191 pidfd=5] Successfully activated service 'org.gnome.evolution.dataserver.Calendar8'
dbus-daemon[1565191]: [session uid=1000 pid=1565191 pidfd=5] Activating service name='org.gnome.evolution.dataserver.AddressBook10' requested by ':1.32' (uid=1000 pid=1565506 comm="/usr/libexec/evolution-calendar-factory" label="unconfined_u:unconfined_r:unconfined_t:s0-s0:c0.c1023")
dbus-daemon[1565191]: [session uid=1000 pid=1565191 pidfd=5] Successfully activated service 'org.gnome.evolution.dataserver.AddressBook10'
libva info: VA-API version 1.23.0
libva info: Trying to open /usr/lib64/dri-nonfree/iHD_drv_video.so
libva info: Found init function __vaDriverInit_1_23
libva info: va_openDriver() returns 0
libva info: VA-API version 1.23.0
libva info: Trying to open /usr/lib64/dri-nonfree/iHD_drv_video.so
libva info: Found init function __vaDriverInit_1_23
libva info: va_openDriver() returns 0
libva info: VA-API version 1.23.0
libva info: Trying to open /usr/lib64/dri-nonfree/iHD_drv_video.so
libva info: Found init function __vaDriverInit_1_23
libva info: va_openDriver() returns 0
dbus-daemon[1565191]: [session uid=1000 pid=1565191 pidfd=5] Activating service name='org.freedesktop.portal.IBus' requested by ':1.39' (uid=1000 pid=1566383 comm="ibus-daemon --panel disable -r --xim" label="unconfined_u:unconfined_r:unconfined_t:s0-s0:c0.c1023")
dbus-daemon[1565191]: [session uid=1000 pid=1565191 pidfd=5] Successfully activated service 'org.freedesktop.portal.IBus'
dbus-daemon[1565191]: [session uid=1000 pid=1565191 pidfd=5] Successfully activated service 'org.gnome.Shell.Screencast'
--- extension info
dbus-daemon[1565191]: [session uid=1000 pid=1565191 pidfd=5] Activating service name='org.gnome.Shell.Extensions' requested by ':1.45' (uid=1000 pid=1566615 comm="gdbus call --session --dest org.gnome.Shell.Extens" label="unconfined_u:unconfined_r:unconfined_t:s0-s0:c0.c1023")
dbus-daemon[1565191]: [session uid=1000 pid=1565191 pidfd=5] Successfully activated service 'org.gnome.Shell.Extensions'
 'state': <1.0>
 'enabled': <true>
 'error': <''>
--- result of tools/effects-frame-probe.js
(true, '"GAQ_FRAME_PROFILE_STARTED"')
--- result of tools/effects-frame-verify.js
(true, '"GAQ_FRAME_PROFILE_OK: [{\\"name\\":\\"static\\",\\"baseline\\":\\"static\\",\\"p95Below60HzBudget\\":true,\\"p95AddedMs\\":0,\\"p95AddedWithin2Ms\\":true},{\\"name\\":\\"leaves\\",\\"baseline\\":\\"static\\",\\"p95Below60HzBudget\\":true,\\"p95AddedMs\\":1.998,\\"p95AddedWithin2Ms\\":true},{\\"name\\":\\"static-glass\\",\\"baseline\\":\\"static-glass\\",\\"p95Below60HzBudget\\":true,\\"p95AddedMs\\":0,\\"p95AddedWithin2Ms\\":true},{\\"name\\":\\"frost\\",\\"baseline\\":\\"static-glass\\",\\"p95Below60HzBudget\\":true,\\"p95AddedMs\\":1.5650000000000002,\\"p95AddedWithin2Ms\\":true}]"')
--- shell log (/tmp/tmp.YZTt583qgn/shell.log)
gnome-shell-calendar-server[1565426]: Lost (or failed to acquire) the name org.gnome.Shell.CalendarServer - exiting
libmutter-Message: 02:18:16.270: Using Wayland display name 'gaq-headless-1565192'
GNOME Shell-Message: 02:18:16.790: Error looking up permission: GDBus.Error:org.freedesktop.portal.Error.NotFound: No entry for geolocation
Errors from xkbcomp are not fatal to the X server
(gnome-shell:1565223): Clutter-WARNING **: 02:18:20.406: Can't update stage views actor unnamed [StBoxLayout] is on because it needs an allocation.
(gnome-shell:1565223): Clutter-WARNING **: 02:18:20.406: Can't update stage views actor unnamed [Gjs_ui_meter_GaqMeterBar] is on because it needs an allocation.
(gnome-shell:1565223): Clutter-WARNING **: 02:18:20.406: Can't update stage views actor unnamed [StWidget] is on because it needs an allocation.
(gnome-shell:1565223): Clutter-WARNING **: 02:18:20.406: Can't update stage views actor unnamed [StWidget] is on because it needs an allocation.
(gnome-shell:1565223): Clutter-WARNING **: 02:18:20.406: Can't update stage views actor unnamed [StBoxLayout] is on because it needs an allocation.
(gnome-shell:1565223): Clutter-WARNING **: 02:18:20.406: Can't update stage views actor unnamed [Gjs_ui_meter_GaqMeterBar] is on because it needs an allocation.
(gnome-shell:1565223): Clutter-WARNING **: 02:18:20.406: Can't update stage views actor unnamed [StWidget] is on because it needs an allocation.
(gnome-shell:1565223): Clutter-WARNING **: 02:18:20.406: Can't update stage views actor unnamed [StWidget] is on because it needs an allocation.
(gnome-shell:1565223): Clutter-WARNING **: 02:18:20.559: Can't update stage views actor unnamed [StBoxLayout] is on because it needs an allocation.
(gnome-shell:1565223): Clutter-WARNING **: 02:18:20.559: Can't update stage views actor unnamed [Gjs_ui_providerCard_GaqProviderCard] is on because it needs an allocation.
(gnome-shell:1565223): Clutter-WARNING **: 02:18:20.559: Can't update stage views actor unnamed [StBoxLayout] is on because it needs an allocation.
(gnome-shell:1565223): Clutter-WARNING **: 02:18:20.559: Can't update stage views actor unnamed [StBoxLayout] is on because it needs an allocation.
(gnome-shell:1565223): Clutter-WARNING **: 02:18:20.559: Can't update stage views actor unnamed [Gjs_ui_meter_GaqMeterBar] is on because it needs an allocation.
(gnome-shell:1565223): Clutter-WARNING **: 02:18:20.559: Can't update stage views actor unnamed [StWidget] is on because it needs an allocation.
(gnome-shell:1565223): Clutter-WARNING **: 02:18:20.559: Can't update stage views actor unnamed [StWidget] is on because it needs an allocation.
(gnome-shell:1565223): Clutter-WARNING **: 02:18:20.559: Can't update stage views actor unnamed [StBoxLayout] is on because it needs an allocation.
(gnome-shell:1565223): Clutter-WARNING **: 02:18:20.559: Can't update stage views actor unnamed [Gjs_ui_meter_GaqMeterBar] is on because it needs an allocation.
(gnome-shell:1565223): Clutter-WARNING **: 02:18:20.559: Can't update stage views actor unnamed [StWidget] is on because it needs an allocation.
(gnome-shell:1565223): Clutter-WARNING **: 02:18:20.559: Can't update stage views actor unnamed [StWidget] is on because it needs an allocation.
(gnome-shell:1565223): Clutter-WARNING **: 02:18:20.895: Can't update stage views actor unnamed [StBoxLayout] is on because it needs an allocation.
(gnome-shell:1565223): Clutter-WARNING **: 02:18:20.895: Can't update stage views actor unnamed [Gjs_ui_providerCard_GaqProviderCard] is on because it needs an allocation.
(gnome-shell:1565223): Clutter-WARNING **: 02:18:20.895: Can't update stage views actor unnamed [StBoxLayout] is on because it needs an allocation.
(gnome-shell:1565223): Clutter-WARNING **: 02:18:20.895: Can't update stage views actor unnamed [StBoxLayout] is on because it needs an allocation.
(gnome-shell:1565223): Clutter-WARNING **: 02:18:20.895: Can't update stage views actor unnamed [Gjs_ui_meter_GaqMeterBar] is on because it needs an allocation.
(gnome-shell:1565223): Clutter-WARNING **: 02:18:20.895: Can't update stage views actor unnamed [StWidget] is on because it needs an allocation.
(gnome-shell:1565223): Clutter-WARNING **: 02:18:20.895: Can't update stage views actor unnamed [StWidget] is on because it needs an allocation.
(gnome-shell:1565223): Clutter-WARNING **: 02:18:20.895: Can't update stage views actor unnamed [StBoxLayout] is on because it needs an allocation.
(gnome-shell:1565223): Clutter-WARNING **: 02:18:20.895: Can't update stage views actor unnamed [Gjs_ui_meter_GaqMeterBar] is on because it needs an allocation.
(gnome-shell:1565223): Clutter-WARNING **: 02:18:20.895: Can't update stage views actor unnamed [StWidget] is on because it needs an allocation.
(gnome-shell:1565223): Clutter-WARNING **: 02:18:20.895: Can't update stage views actor unnamed [StWidget] is on because it needs an allocation.
(gnome-shell:1565223): Clutter-WARNING **: 02:18:50.395: Can't update stage views actor unnamed [StBoxLayout] is on because it needs an allocation.
(gnome-shell:1565223): Clutter-WARNING **: 02:18:50.396: Can't update stage views actor unnamed [Gjs_ui_meter_GaqMeterBar] is on because it needs an allocation.
(gnome-shell:1565223): Clutter-WARNING **: 02:18:50.396: Can't update stage views actor unnamed [StWidget] is on because it needs an allocation.
(gnome-shell:1565223): Clutter-WARNING **: 02:18:50.396: Can't update stage views actor unnamed [StWidget] is on because it needs an allocation.
(gnome-shell:1565223): Clutter-WARNING **: 02:18:50.396: Can't update stage views actor unnamed [StBoxLayout] is on because it needs an allocation.
(gnome-shell:1565223): Clutter-WARNING **: 02:18:50.396: Can't update stage views actor unnamed [Gjs_ui_meter_GaqMeterBar] is on because it needs an allocation.
(gnome-shell:1565223): Clutter-WARNING **: 02:18:50.396: Can't update stage views actor unnamed [StWidget] is on because it needs an allocation.

(evolution-calendar-factory:1565506): libedbus-private-WARNING **: 02:22:45.016: Error setting property 'ConnectionStatus' on interface org.gnome.evolution.dataserver.Source: The connection is closed (g-io-error-quark, 18)
