dbus-daemon[1497555]: [session uid=1000 pid=1497555 pidfd=5] Activating service name='org.freedesktop.systemd1' requested by ':1.2' (uid=1000 pid=1497568 comm="/usr/bin/dbus-broker-launch --config-file=/usr/sha" label="unconfined_u:unconfined_r:unconfined_dbusd_t:s0-s0:c0.c1023")
dbus-daemon[1497555]: [session uid=1000 pid=1497555 pidfd=5] Activated service 'org.freedesktop.systemd1' failed: Process org.freedesktop.systemd1 exited with status 1
dbus-daemon[1497555]: [session uid=1000 pid=1497555 pidfd=5] Activating service name='org.freedesktop.systemd1' requested by ':1.2' (uid=1000 pid=1497568 comm="/usr/bin/dbus-broker-launch --config-file=/usr/sha" label="unconfined_u:unconfined_r:unconfined_dbusd_t:s0-s0:c0.c1023")
dbus-daemon[1497555]: [session uid=1000 pid=1497555 pidfd=5] Activated service 'org.freedesktop.systemd1' failed: Process org.freedesktop.systemd1 exited with status 1
dbus-daemon[1497555]: [session uid=1000 pid=1497555 pidfd=5] Activating service name='org.freedesktop.systemd1' requested by ':1.2' (uid=1000 pid=1497568 comm="/usr/bin/dbus-broker-launch --config-file=/usr/sha" label="unconfined_u:unconfined_r:unconfined_dbusd_t:s0-s0:c0.c1023")
dbus-daemon[1497555]: [session uid=1000 pid=1497555 pidfd=5] Activated service 'org.freedesktop.systemd1' failed: Process org.freedesktop.systemd1 exited with status 1
dbus-daemon[1497555]: [session uid=1000 pid=1497555 pidfd=5] Activating service name='org.freedesktop.portal.Desktop' requested by ':1.6' (uid=1000 pid=1497622 comm="gjs -m /home/daniel/Code/gnome-ai-quota-post-mvp/t" label="unconfined_u:unconfined_r:unconfined_t:s0-s0:c0.c1023")
dbus-daemon[1497555]: [session uid=1000 pid=1497555 pidfd=5] Activating service name='org.freedesktop.impl.portal.PermissionStore' requested by ':1.7' (uid=1000 pid=1497638 comm="/usr/libexec/xdg-desktop-portal" label="unconfined_u:unconfined_r:unconfined_t:s0-s0:c0.c1023")
dbus-daemon[1497555]: [session uid=1000 pid=1497555 pidfd=5] Successfully activated service 'org.freedesktop.impl.portal.PermissionStore'
dbus-daemon[1497555]: [session uid=1000 pid=1497555 pidfd=5] Activating service name='org.freedesktop.portal.Documents' requested by ':1.7' (uid=1000 pid=1497638 comm="/usr/libexec/xdg-desktop-portal" label="unconfined_u:unconfined_r:unconfined_t:s0-s0:c0.c1023")
dbus-daemon[1497555]: [session uid=1000 pid=1497555 pidfd=5] Successfully activated service 'org.freedesktop.portal.Documents'
dbus-daemon[1497555]: [session uid=1000 pid=1497555 pidfd=5] Activating service name='org.freedesktop.impl.portal.desktop.gnome' requested by ':1.7' (uid=1000 pid=1497638 comm="/usr/libexec/xdg-desktop-portal" label="unconfined_u:unconfined_r:unconfined_t:s0-s0:c0.c1023")
dbus-daemon[1497555]: [session uid=1000 pid=1497555 pidfd=5] Activating service name='org.gnome.Shell.Screencast' requested by ':1.4' (uid=1000 pid=1497579 comm="gnome-shell --headless --wayland --wayland-display" label="unconfined_u:unconfined_r:unconfined_t:s0-s0:c0.c1023")
dbus-daemon[1497555]: [session uid=1000 pid=1497555 pidfd=5] Activating service name='org.gnome.Shell.CalendarServer' requested by ':1.4' (uid=1000 pid=1497579 comm="gnome-shell --headless --wayland --wayland-display" label="unconfined_u:unconfined_r:unconfined_t:s0-s0:c0.c1023")
dbus-daemon[1497555]: [session uid=1000 pid=1497555 pidfd=5] Activating service name='org.gnome.evolution.dataserver.Sources5' requested by ':1.11' (uid=1000 pid=1497686 comm="/usr/libexec/gnome-shell-calendar-server" label="unconfined_u:unconfined_r:unconfined_t:s0-s0:c0.c1023")
dbus-daemon[1497555]: [session uid=1000 pid=1497555 pidfd=5] Activating service name='org.gnome.Shell.Notifications' requested by ':1.4' (uid=1000 pid=1497579 comm="gnome-shell --headless --wayland --wayland-display" label="unconfined_u:unconfined_r:unconfined_t:s0-s0:c0.c1023")
dbus-daemon[1497555]: [session uid=1000 pid=1497555 pidfd=5] Activating service name='org.gnome.OnlineAccounts' requested by ':1.12' (uid=1000 pid=1497693 comm="/usr/libexec/evolution-source-registry" label="unconfined_u:unconfined_r:unconfined_t:s0-s0:c0.c1023")
dbus-daemon[1497555]: [session uid=1000 pid=1497555 pidfd=5] Successfully activated service 'org.gnome.evolution.dataserver.Sources5'
dbus-daemon[1497555]: [session uid=1000 pid=1497555 pidfd=5] Activating service name='org.freedesktop.portal.IBus' requested by ':1.13' (uid=1000 pid=1497714 comm="ibus-daemon --panel disable" label="unconfined_u:unconfined_r:unconfined_t:s0-s0:c0.c1023")
dbus-daemon[1497555]: [session uid=1000 pid=1497555 pidfd=5] Activating service name='org.gnome.evolution.dataserver.Calendar8' requested by ':1.11' (uid=1000 pid=1497686 comm="/usr/libexec/gnome-shell-calendar-server" label="unconfined_u:unconfined_r:unconfined_t:s0-s0:c0.c1023")
dbus-daemon[1497555]: [session uid=1000 pid=1497555 pidfd=5] Successfully activated service 'org.gnome.Shell.CalendarServer'
dbus-daemon[1497555]: [session uid=1000 pid=1497555 pidfd=5] Successfully activated service 'org.freedesktop.portal.IBus'
dbus-daemon[1497555]: [session uid=1000 pid=1497555 pidfd=5] Successfully activated service 'org.gnome.Shell.Notifications'
goa-daemon-Message: 02:05:05.516: goa-daemon version 3.58.1 starting
dbus-daemon[1497555]: [session uid=1000 pid=1497555 pidfd=5] Activating service name='org.gnome.Identity' requested by ':1.18' (uid=1000 pid=1497731 comm="/usr/libexec/goa-daemon" label="unconfined_u:unconfined_r:unconfined_t:s0-s0:c0.c1023")
dbus-daemon[1497555]: [session uid=1000 pid=1497555 pidfd=5] Successfully activated service 'org.gnome.OnlineAccounts'
dbus-daemon[1497555]: [session uid=1000 pid=1497555 pidfd=5] Successfully activated service 'org.gnome.Identity'

(process:1497795): libgoaidentity-WARNING **: 02:05:05.525: GoaKerberosIdentityManager: Using polling for change notification for credential cache type 'KCM'
dbus-daemon[1497555]: [session uid=1000 pid=1497555 pidfd=5] Successfully activated service 'org.gnome.evolution.dataserver.Calendar8'
dbus-daemon[1497555]: [session uid=1000 pid=1497555 pidfd=5] Activating service name='org.gnome.evolution.dataserver.AddressBook10' requested by ':1.20' (uid=1000 pid=1497782 comm="/usr/libexec/evolution-calendar-factory" label="unconfined_u:unconfined_r:unconfined_t:s0-s0:c0.c1023")
dbus-daemon[1497555]: [session uid=1000 pid=1497555 pidfd=5] Successfully activated service 'org.gnome.evolution.dataserver.AddressBook10'
libva info: VA-API version 1.23.0
libva info: Trying to open /usr/lib64/dri-nonfree/iHD_drv_video.so
libva info: Found init function __vaDriverInit_1_23
libva info: va_openDriver() returns 0
libva info: VA-API version 1.23.0
libva info: Trying to open /usr/lib64/dri-nonfree/iHD_drv_video.so
libva info: Found init function __vaDriverInit_1_23
libva info: va_openDriver() returns 0
dbus-daemon[1497555]: [session uid=1000 pid=1497555 pidfd=5] Activating service name='org.gnome.Settings.GlobalShortcutsProvider' requested by ':1.10' (uid=1000 pid=1497662 comm="/usr/libexec/xdg-desktop-portal-gnome" label="unconfined_u:unconfined_r:unconfined_t:s0-s0:c0.c1023")
dbus-daemon[1497555]: [session uid=1000 pid=1497555 pidfd=5] Successfully activated service 'org.gnome.Settings.GlobalShortcutsProvider'
dbus-daemon[1497555]: [session uid=1000 pid=1497555 pidfd=5] Successfully activated service 'org.freedesktop.impl.portal.desktop.gnome'
dbus-daemon[1497555]: [session uid=1000 pid=1497555 pidfd=5] Activating service name='org.freedesktop.impl.portal.desktop.gtk' requested by ':1.7' (uid=1000 pid=1497638 comm="/usr/libexec/xdg-desktop-portal" label="unconfined_u:unconfined_r:unconfined_t:s0-s0:c0.c1023")
dbus-daemon[1497555]: [session uid=1000 pid=1497555 pidfd=5] Activating service name='org.freedesktop.systemd1' requested by ':1.2' (uid=1000 pid=1497568 comm="/usr/bin/dbus-broker-launch --config-file=/usr/sha" label="unconfined_u:unconfined_r:unconfined_dbusd_t:s0-s0:c0.c1023")
dbus-daemon[1497555]: [session uid=1000 pid=1497555 pidfd=5] Activated service 'org.freedesktop.systemd1' failed: Process org.freedesktop.systemd1 exited with status 1
dbus-daemon[1497555]: [session uid=1000 pid=1497555 pidfd=5] Successfully activated service 'org.freedesktop.impl.portal.desktop.gtk'

** (xdg-desktop-portal-gtk:1498494): WARNING **: 02:05:06.204: AT-SPI: Could not obtain desktop path or name

dbus-daemon[1497555]: [session uid=1000 pid=1497555 pidfd=5] Activating service name='org.freedesktop.systemd1' requested by ':1.2' (uid=1000 pid=1497568 comm="/usr/bin/dbus-broker-launch --config-file=/usr/sha" label="unconfined_u:unconfined_r:unconfined_dbusd_t:s0-s0:c0.c1023")
dbus-daemon[1497555]: [session uid=1000 pid=1497555 pidfd=5] Activated service 'org.freedesktop.systemd1' failed: Process org.freedesktop.systemd1 exited with status 1

** (xdg-desktop-portal-gtk:1498494): WARNING **: 02:05:06.206: atk-bridge: GetRegisteredEvents returned message with unknown signature

** (xdg-desktop-portal-gtk:1498494): WARNING **: 02:05:06.206: atk-bridge: get_device_events_reply: unknown signature

(/usr/libexec/xdg-desktop-portal:1497638): xdg-desktop-portal-WARNING **: 02:05:06.209: Failed to connect to PipeWire: Couldn't connect to PipeWire
dbus-daemon[1497555]: [session uid=1000 pid=1497555 pidfd=5] Successfully activated service 'org.freedesktop.portal.Desktop'
dbus-daemon[1497555]: [session uid=1000 pid=1497555 pidfd=5] Activating service name='org.freedesktop.systemd1' requested by ':1.2' (uid=1000 pid=1497568 comm="/usr/bin/dbus-broker-launch --config-file=/usr/sha" label="unconfined_u:unconfined_r:unconfined_dbusd_t:s0-s0:c0.c1023")
dbus-daemon[1497555]: [session uid=1000 pid=1497555 pidfd=5] Activated service 'org.freedesktop.systemd1' failed: Process org.freedesktop.systemd1 exited with status 1
dbus-daemon[1497555]: [session uid=1000 pid=1497555 pidfd=5] Activating service name='org.freedesktop.systemd1' requested by ':1.2' (uid=1000 pid=1497568 comm="/usr/bin/dbus-broker-launch --config-file=/usr/sha" label="unconfined_u:unconfined_r:unconfined_dbusd_t:s0-s0:c0.c1023")
dbus-daemon[1497555]: [session uid=1000 pid=1497555 pidfd=5] Activated service 'org.freedesktop.systemd1' failed: Process org.freedesktop.systemd1 exited with status 1
libva info: VA-API version 1.23.0
libva info: Trying to open /usr/lib64/dri-nonfree/iHD_drv_video.so
libva info: Found init function __vaDriverInit_1_23
libva info: va_openDriver() returns 0
dbus-daemon[1497555]: [session uid=1000 pid=1497555 pidfd=5] Activating service name='org.freedesktop.portal.IBus' requested by ':1.31' (uid=1000 pid=1498613 comm="ibus-daemon --panel disable -r --xim" label="unconfined_u:unconfined_r:unconfined_t:s0-s0:c0.c1023")
dbus-daemon[1497555]: [session uid=1000 pid=1497555 pidfd=5] Successfully activated service 'org.freedesktop.portal.IBus'
dbus-daemon[1497555]: [session uid=1000 pid=1497555 pidfd=5] Activating service name='org.freedesktop.systemd1' requested by ':1.2' (uid=1000 pid=1497568 comm="/usr/bin/dbus-broker-launch --config-file=/usr/sha" label="unconfined_u:unconfined_r:unconfined_dbusd_t:s0-s0:c0.c1023")
dbus-daemon[1497555]: [session uid=1000 pid=1497555 pidfd=5] Activated service 'org.freedesktop.systemd1' failed: Process org.freedesktop.systemd1 exited with status 1
dbus-daemon[1497555]: [session uid=1000 pid=1497555 pidfd=5] Activating service name='org.freedesktop.systemd1' requested by ':1.2' (uid=1000 pid=1497568 comm="/usr/bin/dbus-broker-launch --config-file=/usr/sha" label="unconfined_u:unconfined_r:unconfined_dbusd_t:s0-s0:c0.c1023")
dbus-daemon[1497555]: [session uid=1000 pid=1497555 pidfd=5] Activated service 'org.freedesktop.systemd1' failed: Process org.freedesktop.systemd1 exited with status 1
dbus-daemon[1497555]: [session uid=1000 pid=1497555 pidfd=5] Successfully activated service 'org.gnome.Shell.Screencast'
Preferences traversal: LTR, normal text, 3 runs, all steps passed
Preferences traversal: RTL, normal text, 3 runs, all steps passed
Preferences traversal: LTR, expanded text, 3 runs, all steps passed
Preferences traversal: RTL, expanded text, 3 runs, all steps passed
Preferences traversal: LTR, expanded text, Sans 22, 3 runs, all steps passed
Preferences traversal: RTL, expanded text, Sans 22, 3 runs, all steps passed
Preferences lifecycle: Skip, Escape, header back, window close and summary account passed
ok    preferences states: empty selection does not claim accounts connected
ok    preferences states: Done follows late save and server rejection without replacing focused row
ok    preferences states: disposed key view ignores initial refresh and queued save UI callbacks
ok    preferences states: keyring recovery on window activation enables API entry
ok    preferences states: live key view reports invalid save and clears successful retry
ok    preferences states: initial lookup focuses only absent keys
ok    preferences states: OAuth account states fit viewport and move focus to available actions
ok    preferences states: API states and removal dialog fit viewport with safe default
ok    preferences states: terms dialogs fit viewport and closing never accepts consent
ok    preferences states: destructive confirmations cannot act through disposed account views
ok    preferences states: disconnect-all confirmation is inert until explicit confirmation and defaults to Cancel
ok    preferences states: suggested fonts review preserves consent and cancellation at narrow width
ok    preferences states: warning and critical controls reject invalid pairs and expose external invalid configuration
Preferences state matrix: LTR, normal, passed
ok    preferences states: empty selection does not claim accounts connected
ok    preferences states: Done follows late save and server rejection without replacing focused row
ok    preferences states: disposed key view ignores initial refresh and queued save UI callbacks
ok    preferences states: keyring recovery on window activation enables API entry
ok    preferences states: live key view reports invalid save and clears successful retry
ok    preferences states: initial lookup focuses only absent keys
ok    preferences states: OAuth account states fit viewport and move focus to available actions
ok    preferences states: API states and removal dialog fit viewport with safe default
ok    preferences states: terms dialogs fit viewport and closing never accepts consent
ok    preferences states: destructive confirmations cannot act through disposed account views
ok    preferences states: disconnect-all confirmation is inert until explicit confirmation and defaults to Cancel
ok    preferences states: suggested fonts review preserves consent and cancellation at narrow width
ok    preferences states: warning and critical controls reject invalid pairs and expose external invalid configuration
Preferences state matrix: RTL, normal, passed
ok    preferences states: empty selection does not claim accounts connected
ok    preferences states: Done follows late save and server rejection without replacing focused row
ok    preferences states: disposed key view ignores initial refresh and queued save UI callbacks
ok    preferences states: keyring recovery on window activation enables API entry
ok    preferences states: live key view reports invalid save and clears successful retry
ok    preferences states: initial lookup focuses only absent keys
ok    preferences states: OAuth account states fit viewport and move focus to available actions
ok    preferences states: API states and removal dialog fit viewport with safe default
ok    preferences states: terms dialogs fit viewport and closing never accepts consent
ok    preferences states: destructive confirmations cannot act through disposed account views
ok    preferences states: disconnect-all confirmation is inert until explicit confirmation and defaults to Cancel
ok    preferences states: suggested fonts review preserves consent and cancellation at narrow width
ok    preferences states: warning and critical controls reject invalid pairs and expose external invalid configuration
Preferences state matrix: LTR, expanded, passed
ok    preferences states: empty selection does not claim accounts connected
ok    preferences states: Done follows late save and server rejection without replacing focused row
ok    preferences states: disposed key view ignores initial refresh and queued save UI callbacks
ok    preferences states: keyring recovery on window activation enables API entry
ok    preferences states: live key view reports invalid save and clears successful retry
ok    preferences states: initial lookup focuses only absent keys
ok    preferences states: OAuth account states fit viewport and move focus to available actions
ok    preferences states: API states and removal dialog fit viewport with safe default
ok    preferences states: terms dialogs fit viewport and closing never accepts consent
ok    preferences states: destructive confirmations cannot act through disposed account views
ok    preferences states: disconnect-all confirmation is inert until explicit confirmation and defaults to Cancel
ok    preferences states: suggested fonts review preserves consent and cancellation at narrow width
ok    preferences states: warning and critical controls reject invalid pairs and expose external invalid configuration
Preferences state matrix: RTL, expanded, passed
ok    preferences states: empty selection does not claim accounts connected
ok    preferences states: Done follows late save and server rejection without replacing focused row
ok    preferences states: disposed key view ignores initial refresh and queued save UI callbacks
ok    preferences states: keyring recovery on window activation enables API entry
ok    preferences states: live key view reports invalid save and clears successful retry
ok    preferences states: initial lookup focuses only absent keys
ok    preferences states: OAuth account states fit viewport and move focus to available actions
ok    preferences states: API states and removal dialog fit viewport with safe default
ok    preferences states: terms dialogs fit viewport and closing never accepts consent
ok    preferences states: destructive confirmations cannot act through disposed account views

(gjs:1521913): Adwaita-WARNING **: 02:07:07.720: AdwToolbarView 0x55e7b9f901c0 exceeds AdwBreakpointBin width: requested 364 px, 360 px available

(gjs:1521913): Adwaita-WARNING **: 02:07:08.337: AdwToolbarView 0x55e7ba7a0cd0 exceeds AdwBreakpointBin width: requested 364 px, 360 px available

(gjs:1521913): Adwaita-WARNING **: 02:07:08.943: AdwToolbarView 0x55e7ba2fa0c0 exceeds AdwBreakpointBin width: requested 364 px, 360 px available

(gjs:1521913): Adwaita-WARNING **: 02:07:09.341: AdwToolbarView 0x55e7ba2fa0c0 exceeds AdwBreakpointBin width: requested 364 px, 360 px available

(gjs:1521913): Adwaita-WARNING **: 02:07:09.541: AdwToolbarView 0x55e7ba2fa0c0 exceeds AdwBreakpointBin width: requested 364 px, 360 px available

(gjs:1521913): Adwaita-WARNING **: 02:07:09.759: AdwToolbarView 0x55e7ba2fa0c0 exceeds AdwBreakpointBin width: requested 364 px, 360 px available
ok    preferences states: disconnect-all confirmation is inert until explicit confirmation and defaults to Cancel

(gjs:1521913): Adwaita-WARNING **: 02:07:12.858: AdwToolbarView 0x55e7ba56f530 exceeds AdwBreakpointBin width: requested 435 px, 360 px available
ok    preferences states: suggested fonts review preserves consent and cancellation at narrow width
ok    preferences states: warning and critical controls reject invalid pairs and expose external invalid configuration
Preferences state matrix: LTR, expanded, Sans 22, passed
ok    preferences states: empty selection does not claim accounts connected
ok    preferences states: Done follows late save and server rejection without replacing focused row
ok    preferences states: disposed key view ignores initial refresh and queued save UI callbacks
ok    preferences states: keyring recovery on window activation enables API entry
ok    preferences states: live key view reports invalid save and clears successful retry
ok    preferences states: initial lookup focuses only absent keys
ok    preferences states: OAuth account states fit viewport and move focus to available actions
ok    preferences states: API states and removal dialog fit viewport with safe default
ok    preferences states: terms dialogs fit viewport and closing never accepts consent
ok    preferences states: destructive confirmations cannot act through disposed account views

(gjs:1522021): Adwaita-WARNING **: 02:07:28.292: AdwToolbarView 0x56087cbf4e30 exceeds AdwBreakpointBin width: requested 364 px, 360 px available

(gjs:1522021): Adwaita-WARNING **: 02:07:28.912: AdwToolbarView 0x56087d0c0640 exceeds AdwBreakpointBin width: requested 364 px, 360 px available

(gjs:1522021): Adwaita-WARNING **: 02:07:29.529: AdwToolbarView 0x56087d0c5a10 exceeds AdwBreakpointBin width: requested 364 px, 360 px available

(gjs:1522021): Adwaita-WARNING **: 02:07:29.929: AdwToolbarView 0x56087d0c5a10 exceeds AdwBreakpointBin width: requested 364 px, 360 px available

(gjs:1522021): Adwaita-WARNING **: 02:07:30.129: AdwToolbarView 0x56087d0c5a10 exceeds AdwBreakpointBin width: requested 364 px, 360 px available

(gjs:1522021): Adwaita-WARNING **: 02:07:30.330: AdwToolbarView 0x56087d0c5a10 exceeds AdwBreakpointBin width: requested 364 px, 360 px available
ok    preferences states: disconnect-all confirmation is inert until explicit confirmation and defaults to Cancel

(gjs:1522021): Adwaita-WARNING **: 02:07:33.452: AdwToolbarView 0x56087ca8b040 exceeds AdwBreakpointBin width: requested 435 px, 360 px available
ok    preferences states: suggested fonts review preserves consent and cancellation at narrow width
ok    preferences states: warning and critical controls reject invalid pairs and expose external invalid configuration
Preferences state matrix: RTL, expanded, Sans 22, passed
Full preferences startup: fresh, account target, demo, dismissed and live target change passed
Gdk-Message: 02:07:51.695: Lost connection to Wayland compositor.
Gdk-Message: 02:07:51.695: Error reading events from display: Broken pipe
gnome-shell-calendar-server[1497686]: Lost (or failed to acquire) the name org.gnome.Shell.CalendarServer - exiting
